Archive member included to satisfy reference by file (symbol)

c:/program files (x86)/atmel/studio/7.0/toolchain/avr8/avr8-gnu-toolchain/bin/../lib/gcc/avr/5.4.0/../../../../avr/lib/avr51\libm.a(addsf3.o)
                              controller.o (__subsf3)
c:/program files (x86)/atmel/studio/7.0/toolchain/avr8/avr8-gnu-toolchain/bin/../lib/gcc/avr/5.4.0/../../../../avr/lib/avr51\libm.a(addsf3x.o)
                              c:/program files (x86)/atmel/studio/7.0/toolchain/avr8/avr8-gnu-toolchain/bin/../lib/gcc/avr/5.4.0/../../../../avr/lib/avr51\libm.a(addsf3.o) (__addsf3x)
c:/program files (x86)/atmel/studio/7.0/toolchain/avr8/avr8-gnu-toolchain/bin/../lib/gcc/avr/5.4.0/../../../../avr/lib/avr51\libm.a(cmpsf2.o)
                              controller.o (__ltsf2)
c:/program files (x86)/atmel/studio/7.0/toolchain/avr8/avr8-gnu-toolchain/bin/../lib/gcc/avr/5.4.0/../../../../avr/lib/avr51\libm.a(divsf3.o)
                              controller.o (__divsf3)
c:/program files (x86)/atmel/studio/7.0/toolchain/avr8/avr8-gnu-toolchain/bin/../lib/gcc/avr/5.4.0/../../../../avr/lib/avr51\libm.a(divsf3x.o)
                              c:/program files (x86)/atmel/studio/7.0/toolchain/avr8/avr8-gnu-toolchain/bin/../lib/gcc/avr/5.4.0/../../../../avr/lib/avr51\libm.a(divsf3.o) (__divsf3x)
c:/program files (x86)/atmel/studio/7.0/toolchain/avr8/avr8-gnu-toolchain/bin/../lib/gcc/avr/5.4.0/../../../../avr/lib/avr51\libm.a(fixsfsi.o)
                              controller.o (__fixsfsi)
c:/program files (x86)/atmel/studio/7.0/toolchain/avr8/avr8-gnu-toolchain/bin/../lib/gcc/avr/5.4.0/../../../../avr/lib/avr51\libm.a(fixunssfsi.o)
                              speed.o (__fixunssfsi)
c:/program files (x86)/atmel/studio/7.0/toolchain/avr8/avr8-gnu-toolchain/bin/../lib/gcc/avr/5.4.0/../../../../avr/lib/avr51\libm.a(floatsisf.o)
                              controller.o (__floatunsisf)
c:/program files (x86)/atmel/studio/7.0/toolchain/avr8/avr8-gnu-toolchain/bin/../lib/gcc/avr/5.4.0/../../../../avr/lib/avr51\libm.a(fp_cmp.o)
                              c:/program files (x86)/atmel/studio/7.0/toolchain/avr8/avr8-gnu-toolchain/bin/../lib/gcc/avr/5.4.0/../../../../avr/lib/avr51\libm.a(cmpsf2.o) (__fp_cmp)
c:/program files (x86)/atmel/studio/7.0/toolchain/avr8/avr8-gnu-toolchain/bin/../lib/gcc/avr/5.4.0/../../../../avr/lib/avr51\libm.a(fp_inf.o)
                              c:/program files (x86)/atmel/studio/7.0/toolchain/avr8/avr8-gnu-toolchain/bin/../lib/gcc/avr/5.4.0/../../../../avr/lib/avr51\libm.a(addsf3x.o) (__fp_inf)
c:/program files (x86)/atmel/studio/7.0/toolchain/avr8/avr8-gnu-toolchain/bin/../lib/gcc/avr/5.4.0/../../../../avr/lib/avr51\libm.a(fp_nan.o)
                              c:/program files (x86)/atmel/studio/7.0/toolchain/avr8/avr8-gnu-toolchain/bin/../lib/gcc/avr/5.4.0/../../../../avr/lib/avr51\libm.a(addsf3x.o) (__fp_nan)
c:/program files (x86)/atmel/studio/7.0/toolchain/avr8/avr8-gnu-toolchain/bin/../lib/gcc/avr/5.4.0/../../../../avr/lib/avr51\libm.a(fp_pscA.o)
                              c:/program files (x86)/atmel/studio/7.0/toolchain/avr8/avr8-gnu-toolchain/bin/../lib/gcc/avr/5.4.0/../../../../avr/lib/avr51\libm.a(addsf3x.o) (__fp_pscA)
c:/program files (x86)/atmel/studio/7.0/toolchain/avr8/avr8-gnu-toolchain/bin/../lib/gcc/avr/5.4.0/../../../../avr/lib/avr51\libm.a(fp_pscB.o)
                              c:/program files (x86)/atmel/studio/7.0/toolchain/avr8/avr8-gnu-toolchain/bin/../lib/gcc/avr/5.4.0/../../../../avr/lib/avr51\libm.a(addsf3x.o) (__fp_pscB)
c:/program files (x86)/atmel/studio/7.0/toolchain/avr8/avr8-gnu-toolchain/bin/../lib/gcc/avr/5.4.0/../../../../avr/lib/avr51\libm.a(fp_round.o)
                              c:/program files (x86)/atmel/studio/7.0/toolchain/avr8/avr8-gnu-toolchain/bin/../lib/gcc/avr/5.4.0/../../../../avr/lib/avr51\libm.a(addsf3.o) (__fp_round)
c:/program files (x86)/atmel/studio/7.0/toolchain/avr8/avr8-gnu-toolchain/bin/../lib/gcc/avr/5.4.0/../../../../avr/lib/avr51\libm.a(fp_split3.o)
                              c:/program files (x86)/atmel/studio/7.0/toolchain/avr8/avr8-gnu-toolchain/bin/../lib/gcc/avr/5.4.0/../../../../avr/lib/avr51\libm.a(addsf3x.o) (__fp_split3)
c:/program files (x86)/atmel/studio/7.0/toolchain/avr8/avr8-gnu-toolchain/bin/../lib/gcc/avr/5.4.0/../../../../avr/lib/avr51\libm.a(fp_zero.o)
                              c:/program files (x86)/atmel/studio/7.0/toolchain/avr8/avr8-gnu-toolchain/bin/../lib/gcc/avr/5.4.0/../../../../avr/lib/avr51\libm.a(addsf3x.o) (__fp_zero)
c:/program files (x86)/atmel/studio/7.0/toolchain/avr8/avr8-gnu-toolchain/bin/../lib/gcc/avr/5.4.0/../../../../avr/lib/avr51\libm.a(gesf2.o)
                              controller.o (__gtsf2)
c:/program files (x86)/atmel/studio/7.0/toolchain/avr8/avr8-gnu-toolchain/bin/../lib/gcc/avr/5.4.0/../../../../avr/lib/avr51\libm.a(mulsf3.o)
                              controller.o (__mulsf3)
[...]
Memory Configuration

Name             Origin             Length             Attributes
text             0x00000000         0x00020000         xr
data             0x00800100         0x0000ff00         rw !x
eeprom           0x00810000         0x00010000         rw !x
fuse             0x00820000         0x00000003         rw !x
lock             0x00830000         0x00000400         rw !x
signature        0x00840000         0x00000400         rw !x
user_signatures  0x00850000         0x00000400         rw !x
*default*        0x00000000         0xffffffff

Linker script and memory map

Address of section .data set to 0x800100
LOAD C:/Program Files (x86)/Atmel/Studio/7.0/Packs/atmel/ATmega_DFP/1.1.130/gcc/dev/at90can128/avr51/crtat90can128.o
LOAD controller.o
LOAD speed.o
LOAD usart.o
LOAD main.o
LOAD pid.o
LOAD sensors.o
LOAD UniversalModuleDrivers/adc.o
LOAD UniversalModuleDrivers/can.o
LOAD pwm.o
LOAD UniversalModuleDrivers/rgbled.o
LOAD UniversalModuleDrivers/spi.o
LOAD UniversalModuleDrivers/timer.o
LOAD UniversalModuleDrivers/uart.o
LOAD usbdb.o
START GROUP
LOAD c:/program files (x86)/atmel/studio/7.0/toolchain/avr8/avr8-gnu-toolchain/bin/../lib/gcc/avr/5.4.0/../../../../avr/lib/avr51\libm.a
END GROUP
START GROUP
LOAD c:/program files (x86)/atmel/studio/7.0/toolchain/avr8/avr8-gnu-toolchain/bin/../lib/gcc/avr/5.4.0/avr51\libgcc.a
LOAD c:/program files (x86)/atmel/studio/7.0/toolchain/avr8/avr8-gnu-toolchain/bin/../lib/gcc/avr/5.4.0/../../../../avr/lib/avr51\libm.a
LOAD c:/program files (x86)/atmel/studio/7.0/toolchain/avr8/avr8-gnu-toolchain/bin/../lib/gcc/avr/5.4.0/../../../../avr/lib/avr51\libc.a
LOAD C:/Program Files (x86)/Atmel/Studio/7.0/Packs/atmel/ATmega_DFP/1.1.130/gcc/dev/at90can128/avr51\libat90can128.a
END GROUP
                0x00020000                __TEXT_REGION_LENGTH__ = DEFINED (__TEXT_REGION_LENGTH__)?__TEXT_REGION_LENGTH__:0x20000
                0x0000ff00                __DATA_REGION_LENGTH__ = DEFINED (__DATA_REGION_LENGTH__)?__DATA_REGION_LENGTH__:0xff00
                0x00010000                __EEPROM_REGION_LENGTH__ = DEFINED (__EEPROM_REGION_LENGTH__)?__EEPROM_REGION_LENGTH__:0x10000
                [0x00000003]                __FUSE_REGION_LENGTH__ = DEFINED (__FUSE_REGION_LENGTH__)?__FUSE_REGION_LENGTH__:0x400
                0x00000400                __LOCK_REGION_LENGTH__ = DEFINED (__LOCK_REGION_LENGTH__)?__LOCK_REGION_LENGTH__:0x400
                0x00000400                __SIGNATURE_REGION_LENGTH__ = DEFINED (__SIGNATURE_REGION_LENGTH__)?__SIGNATURE_REGION_LENGTH__:0x400
                0x00000400                __USER_SIGNATURE_REGION_LENGTH__ = DEFINED (__USER_SIGNATURE_REGION_LENGTH__)?__USER_SIGNATURE_REGION_LENGTH__:0x400

.hash
 *(.hash)

.dynsym
 *(.dynsym)

.dynstr
 *(.dynstr)

.gnu.version
 *(.gnu.version)

.gnu.version_d
 *(.gnu.version_d)

.gnu.version_r
 *(.gnu.version_r)

.rel.init
 *(.rel.init)

.rela.init
 *(.rela.init)

.rel.text
 *(.rel.text)
 *(.rel.text.*)
 *(.rel.gnu.linkonce.t*)

.rela.text
 *(.rela.text)
 *(.rela.text.*)
 *(.rela.gnu.linkonce.t*)

.rel.fini
 *(.rel.fini)

.rela.fini
 *(.rela.fini)

.rel.rodata
 *(.rel.rodata)
 *(.rel.rodata.*)
 *(.rel.gnu.linkonce.r*)

.rela.rodata
 *(.rela.rodata)
 *(.rela.rodata.*)
 *(.rela.gnu.linkonce.r*)

.rel.data
 *(.rel.data)
 *(.rel.data.*)
 *(.rel.gnu.linkonce.d*)

.rela.data
 *(.rela.data)
 *(.rela.data.*)
 *(.rela.gnu.linkonce.d*)

.rel.ctors
 *(.rel.ctors)

.rela.ctors
 *(.rela.ctors)

.rel.dtors
 *(.rel.dtors)

.rela.dtors
 *(.rela.dtors)

.rel.got
 *(.rel.got)

.rela.got
 *(.rela.got)

.rel.bss
 *(.rel.bss)

.rela.bss
 *(.rela.bss)

.rel.plt
 *(.rel.plt)

.rela.plt
 *(.rela.plt)

.text           0x00000000     0x17ac
 *(.vectors)
 .vectors       0x00000000       0x94 C:/Program Files (x86)/Atmel/Studio/7.0/Packs/atmel/ATmega_DFP/1.1.130/gcc/dev/at90can128/avr51/crtat90can128.o
                0x00000000                __vector_default
                0x00000000                __vectors
 *(.vectors)
 *(.progmem.gcc*)
 .progmem.gcc_sw_table.Set_ADC_Channel_ext
                0x00000094       0x10 UniversalModuleDrivers/adc.o
                0x000000a4                . = ALIGN (0x2)
                0x000000a4                __trampolines_start = .
 *(.trampolines)
 .trampolines   0x000000a4        0x0 linker stubs
 *(.trampolines*)
                0x000000a4                __trampolines_end = .
 *libprintf_flt.a:*(.progmem.data)
 *libc.a:*(.progmem.data)
 *(.progmem*)
                0x000000a4                . = ALIGN (0x2)
 *(.jumptables)
 *(.jumptables*)
 *(.lowtext)
 *(.lowtext*)
                0x000000a4                __ctors_start = .
 *(.ctors)
                0x000000a4                __ctors_end = .
                0x000000a4                __dtors_start = .
 *(.dtors)
                0x000000a4                __dtors_end = .
 SORT(*)(.ctors)
 SORT(*)(.dtors)
 *(.init0)
 .init0         0x000000a4        0x0 C:/Program Files (x86)/Atmel/Studio/7.0/Packs/atmel/ATmega_DFP/1.1.130/gcc/dev/at90can128/avr51/crtat90can128.o
                0x000000a4                __init
 *(.init0)
 *(.init1)
 *(.init1)
 *(.init2)
 .init2         0x000000a4        0xc C:/Program Files (x86)/Atmel/Studio/7.0/Packs/atmel/ATmega_DFP/1.1.130/gcc/dev/at90can128/avr51/crtat90can128.o
 *(.init2)
 *(.init3)
 *(.init3)
 *(.init4)
 .init4         0x000000b0       0x1a c:/program files (x86)/atmel/studio/7.0/toolchain/avr8/avr8-gnu-toolchain/bin/../lib/gcc/avr/5.4.0/avr51\libgcc.a(_copy_data.o)
                0x000000b0                __do_copy_data
 .init4         0x000000ca       0x10 c:/program files (x86)/atmel/studio/7.0/toolchain/avr8/avr8-gnu-toolchain/bin/../lib/gcc/avr/5.4.0/avr51\libgcc.a(_clear_bss.o)
                0x000000ca                __do_clear_bss
 *(.init4)
 *(.init5)
 *(.init5)
 *(.init6)
 *(.init6)
 *(.init7)
 *(.init7)
 *(.init8)
 *(.init8)
 *(.init9)
 .init9         0x000000da        0x6 C:/Program Files (x86)/Atmel/Studio/7.0/Packs/atmel/ATmega_DFP/1.1.130/gcc/dev/at90can128/avr51/crtat90can128.o
 *(.init9)
 *(.text)
 .text          0x000000e0        0x2 C:/Program Files (x86)/Atmel/Studio/7.0/Packs/atmel/ATmega_DFP/1.1.130/gcc/dev/at90can128/avr51/crtat90can128.o
                0x000000e0                __vector_28
                0x000000e0                __vector_1
                0x000000e0                __vector_34
                0x000000e0                __vector_24
                0x000000e0                __bad_interrupt
                0x000000e0                __vector_31
                0x000000e0                __vector_35
                0x000000e0                __vector_3
                0x000000e0                __vector_23
                0x000000e0                __vector_30
                0x000000e0                __vector_25
                0x000000e0                __vector_11
                0x000000e0                __vector_13
                0x000000e0                __vector_19
                0x000000e0                __vector_7
                0x000000e0                __vector_27
                0x000000e0                __vector_5
                0x000000e0                __vector_4
                0x000000e0                __vector_9
                0x000000e0                __vector_2
                0x000000e0                __vector_15
                0x000000e0                __vector_36
                0x000000e0                __vector_29
                0x000000e0                __vector_8
                0x000000e0                __vector_26
                0x000000e0                __vector_14
                0x000000e0                __vector_10
                0x000000e0                __vector_20
                0x000000e2                . = ALIGN (0x2)
 *(.text.*)
 .text.controller
                0x000000e2      0x19e controller.o
                0x000000e2                controller
 .text.drivers_init
                0x00000280        0x4 controller.o
                0x00000280                drivers_init
 .text.drivers  0x00000284        0xc controller.o
                0x00000284                drivers
 .text.speed_init
                0x00000290       0x16 speed.o
                0x00000290                speed_init
 .text.uart0_putc
                0x000002a6       0x30 usart.o
                0x000002a6                uart0_putc
 .text.uart0_putstr
                0x000002d6       0x1e usart.o
                0x000002d6                uart0_putstr
 .text.uart0_putint
                0x000002f4       0x38 usart.o
                0x000002f4                uart0_putint
 .text.uart0_flush
                0x0000032c        0xe usart.o
                0x0000032c                uart0_flush
 .text.uart1_putc
                0x0000033a       0x30 usart.o
                0x0000033a                uart1_putc
 .text.uart_putchar
                0x0000036a       0x30 usart.o
                0x0000036a                uart_putchar
 .text.uart0_getc
                0x0000039a       0x26 usart.o
                0x0000039a                uart0_getc
 .text.uart0_getlnToFirstWhiteSpace
                0x000003c0       0x62 usart.o
                0x000003c0                uart0_getlnToFirstWhiteSpace
 .text.uart0_getint
                0x00000422       0x36 usart.o
                0x00000422                uart0_getint
 .text.uart0_getData
                0x00000458       0x2a usart.o
                0x00000458                uart0_getData
 .text.uart1_getData
                0x00000482       0x2a usart.o
                0x00000482                uart1_getData
 .text.uart_getchar
                0x000004ac       0x34 usart.o
                0x000004ac                uart_getchar
 .text.__vector_22
                0x000004e0       0x3c usart.o
                0x000004e0                __vector_22
 .text.__vector_21
                0x0000051c       0x36 usart.o
                0x0000051c                __vector_21
 .text.__vector_33
                0x00000552       0x3c usart.o
                0x00000552                __vector_33
 .text.__vector_32
                0x0000058e       0x36 usart.o
                0x0000058e                __vector_32
 .text.timer1_init_ts
                0x000005c4       0x30 main.o
                0x000005c4                timer1_init_ts
 .text.timer0_init_ts
                0x000005f4       0x1e main.o
                0x000005f4                timer0_init_ts
 .text.handle_can
                0x00000612       0x6a main.o
                0x00000612                handle_can
 .text.handle_motor_status_can_msg
                0x0000067c       0x68 main.o
                0x0000067c                handle_motor_status_can_msg
 .text.main     0x000006e4      0x124 main.o
                0x000006e4                main
 .text.__vector_16
                0x00000808       0xae main.o
                0x00000808                __vector_16
 .text.__vector_12
                0x000008b6      0x1e4 main.o
                0x000008b6                __vector_12
 .text.__vector_6
                0x00000a9a       0x2e main.o
                0x00000a9a                __vector_6
 .text.pid_init
                0x00000ac8       0x58 pid.o
                0x00000ac8                pid_init
 .text.handle_current_sensor
                0x00000b20       0x90 sensors.o
                0x00000b20                handle_current_sensor
 .text.handle_temp_sensor
                0x00000bb0      0x104 sensors.o
                0x00000bb0                handle_temp_sensor
 .text.Set_ADC_Channel_ext
                0x00000cb4       0x6c UniversalModuleDrivers/adc.o
                0x00000cb4                Set_ADC_Channel_ext
 .text.__vector_18
                0x00000d20      0x1e2 UniversalModuleDrivers/can.o
                0x00000d20                __vector_18
 .text.can_init
                0x00000f02       0xaa UniversalModuleDrivers/can.o
                0x00000f02                can_init
 .text.can_read_message_if_new
                0x00000fac       0x86 UniversalModuleDrivers/can.o
                0x00000fac                can_read_message_if_new
 .text.can_send_message
                0x00001032       0xfc UniversalModuleDrivers/can.o
                0x00001032                can_send_message
 .text.pwm_init
                0x0000112e       0x82 pwm.o
                0x0000112e                pwm_init
 .text.rgbled_turn_off
                0x000011b0        0x8 UniversalModuleDrivers/rgbled.o
                0x000011b0                rgbled_turn_off
 .text.rgbled_init
                0x000011b8        0xc UniversalModuleDrivers/rgbled.o
                0x000011b8                rgbled_init
 .text.rgbled_turn_on
                0x000011c4        0xa UniversalModuleDrivers/rgbled.o
                0x000011c4                rgbled_turn_on
 .text.spi_init
                0x000011ce       0x22 UniversalModuleDrivers/spi.o
                0x000011ce                spi_init
 .text.spi_trancieve
                0x000011f0       0x48 UniversalModuleDrivers/spi.o
                0x000011f0                spi_trancieve
 .text.__vector_17
                0x00001238       0x78 UniversalModuleDrivers/timer.o
                0x00001238                __vector_17
 .text.avr-libc.fplib
                0x000012b0        0xa c:/program files (x86)/atmel/studio/7.0/toolchain/avr8/avr8-gnu-toolchain/bin/../lib/gcc/avr/5.4.0/../../../../avr/lib/avr51\libm.a(addsf3.o)
                0x000012b0                __subsf3
                0x000012b2                __addsf3
 .text.avr-libc.fplib
                0x000012ba       0xc0 c:/program files (x86)/atmel/studio/7.0/toolchain/avr8/avr8-gnu-toolchain/bin/../lib/gcc/avr/5.4.0/../../../../avr/lib/avr51\libm.a(addsf3x.o)
                0x000012d4                __addsf3x
 .text.avr-libc.fplib
                0x0000137a        0x8 c:/program files (x86)/atmel/studio/7.0/toolchain/avr8/avr8-gnu-toolchain/bin/../lib/gcc/avr/5.4.0/../../../../avr/lib/avr51\libm.a(cmpsf2.o)
                0x0000137a                __nesf2
                0x0000137a                __eqsf2
                0x0000137a                __cmpsf2
                0x0000137a                __ltsf2
                0x0000137a                __lesf2
 .text.avr-libc.fplib
                0x00001382        0x4 c:/program files (x86)/atmel/studio/7.0/toolchain/avr8/avr8-gnu-toolchain/bin/../lib/gcc/avr/5.4.0/../../../../avr/lib/avr51\libm.a(divsf3.o)
                0x00001382                __divsf3
 .text.avr-libc.fplib
                0x00001386       0xcc c:/program files (x86)/atmel/studio/7.0/toolchain/avr8/avr8-gnu-toolchain/bin/../lib/gcc/avr/5.4.0/../../../../avr/lib/avr51\libm.a(divsf3x.o)
                0x0000139c                __divsf3x
                0x000013a0                __divsf3_pse
 .text.avr-libc.fplib
                0x00001452        0xa c:/program files (x86)/atmel/studio/7.0/toolchain/avr8/avr8-gnu-toolchain/bin/../lib/gcc/avr/5.4.0/../../../../avr/lib/avr51\libm.a(fixsfsi.o)
                0x00001452                __fixsfsi
 .text.avr-libc.fplib
                0x0000145c       0x58 c:/program files (x86)/atmel/studio/7.0/toolchain/avr8/avr8-gnu-toolchain/bin/../lib/gcc/avr/5.4.0/../../../../avr/lib/avr51\libm.a(fixunssfsi.o)
                0x0000145c                __fixunssfsi
 .text.avr-libc.fplib
                0x000014b4       0x7a c:/program files (x86)/atmel/studio/7.0/toolchain/avr8/avr8-gnu-toolchain/bin/../lib/gcc/avr/5.4.0/../../../../avr/lib/avr51\libm.a(floatsisf.o)
                0x000014b4                __floatunsisf
                0x000014b8                __floatsisf
 .text.avr-libc.fplib
                0x0000152e       0x48 c:/program files (x86)/atmel/studio/7.0/toolchain/avr8/avr8-gnu-toolchain/bin/../lib/gcc/avr/5.4.0/../../../../avr/lib/avr51\libm.a(fp_cmp.o)
                0x0000152e                __fp_cmp
 .text.avr-libc.fplib
                0x00001576        0xc c:/program files (x86)/atmel/studio/7.0/toolchain/avr8/avr8-gnu-toolchain/bin/../lib/gcc/avr/5.4.0/../../../../avr/lib/avr51\libm.a(fp_inf.o)
                0x00001576                __fp_inf
 .text.avr-libc.fplib
                0x00001582        0x6 c:/program files (x86)/atmel/studio/7.0/toolchain/avr8/avr8-gnu-toolchain/bin/../lib/gcc/avr/5.4.0/../../../../avr/lib/avr51\libm.a(fp_nan.o)
                0x00001582                __fp_nan
 .text.avr-libc.fplib
                0x00001588        0xe c:/program files (x86)/atmel/studio/7.0/toolchain/avr8/avr8-gnu-toolchain/bin/../lib/gcc/avr/5.4.0/../../../../avr/lib/avr51\libm.a(fp_pscA.o)
                0x00001588                __fp_pscA
 .text.avr-libc.fplib
                0x00001596        0xe c:/program files (x86)/atmel/studio/7.0/toolchain/avr8/avr8-gnu-toolchain/bin/../lib/gcc/avr/5.4.0/../../../../avr/lib/avr51\libm.a(fp_pscB.o)
                0x00001596                __fp_pscB
 .text.avr-libc.fplib
                0x000015a4       0x22 c:/program files (x86)/atmel/studio/7.0/toolchain/avr8/avr8-gnu-toolchain/bin/../lib/gcc/avr/5.4.0/../../../../avr/lib/avr51\libm.a(fp_round.o)
                0x000015a4                __fp_round
 .text.avr-libc.fplib
                0x000015c6       0x44 c:/program files (x86)/atmel/studio/7.0/toolchain/avr8/avr8-gnu-toolchain/bin/../lib/gcc/avr/5.4.0/../../../../avr/lib/avr51\libm.a(fp_split3.o)
                0x000015c6                __fp_split3
                0x000015d6                __fp_splitA
 .text.avr-libc.fplib
                0x0000160a        0xe c:/program files (x86)/atmel/studio/7.0/toolchain/avr8/avr8-gnu-toolchain/bin/../lib/gcc/avr/5.4.0/../../../../avr/lib/avr51\libm.a(fp_zero.o)
                0x0000160a                __fp_zero
                0x0000160c                __fp_szero
 .text.avr-libc.fplib
                0x00001618        0x8 c:/program files (x86)/atmel/studio/7.0/toolchain/avr8/avr8-gnu-toolchain/bin/../lib/gcc/avr/5.4.0/../../../../avr/lib/avr51\libm.a(gesf2.o)
                0x00001618                __gesf2
                0x00001618                __gtsf2
 .text.avr-libc.fplib
                0x00001620        0x4 c:/program files (x86)/atmel/studio/7.0/toolchain/avr8/avr8-gnu-toolchain/bin/../lib/gcc/avr/5.4.0/../../../../avr/lib/avr51\libm.a(mulsf3.o)
                0x00001620                __mulsf3
 .text.avr-libc.fplib
                0x00001624       0xc2 c:/program files (x86)/atmel/studio/7.0/toolchain/avr8/avr8-gnu-toolchain/bin/../lib/gcc/avr/5.4.0/../../../../avr/lib/avr51\libm.a(mulsf3x.o)
                0x00001638                __mulsf3x
                0x0000163c                __mulsf3_pse
 .text.libgcc   0x000016e6       0x12 c:/program files (x86)/atmel/studio/7.0/toolchain/avr8/avr8-gnu-toolchain/bin/../lib/gcc/avr/5.4.0/avr51\libgcc.a(_tablejump2.o)
                0x000016e6                __tablejump2__
 .text.avr-libc
                0x000016f8       0x3a c:/program files (x86)/atmel/studio/7.0/toolchain/avr8/avr8-gnu-toolchain/bin/../lib/gcc/avr/5.4.0/../../../../avr/lib/avr51\libc.a(atoi.o)
                0x000016f8                atoi
 .text.avr-libc
                0x00001732       0x14 c:/program files (x86)/atmel/studio/7.0/toolchain/avr8/avr8-gnu-toolchain/bin/../lib/gcc/avr/5.4.0/../../../../avr/lib/avr51\libc.a(itoa_ncheck.o)
                0x00001732                __itoa_ncheck
 .text.avr-libc
                0x00001746       0x10 c:/program files (x86)/atmel/studio/7.0/toolchain/avr8/avr8-gnu-toolchain/bin/../lib/gcc/avr/5.4.0/../../../../avr/lib/avr51\libc.a(mul10.o)
                0x00001746                __mulhi_const_10
 .text.avr-libc
                0x00001756       0x32 c:/program files (x86)/atmel/studio/7.0/toolchain/avr8/avr8-gnu-toolchain/bin/../lib/gcc/avr/5.4.0/../../../../avr/lib/avr51\libc.a(utoa_ncheck.o)
                0x00001756                __utoa_ncheck
                0x00001758                __utoa_common
 .text.avr-libc
                0x00001788       0x20 c:/program files (x86)/atmel/studio/7.0/toolchain/avr8/avr8-gnu-toolchain/bin/../lib/gcc/avr/5.4.0/../../../../avr/lib/avr51\libc.a(strrev.o)
                0x00001788                strrev
                0x000017a8                . = ALIGN (0x2)
 *(.fini9)
 .fini9         0x000017a8        0x0 c:/program files (x86)/atmel/studio/7.0/toolchain/avr8/avr8-gnu-toolchain/bin/../lib/gcc/avr/5.4.0/avr51\libgcc.a(_exit.o)
                0x000017a8                _exit
                0x000017a8                exit
 *(.fini9)
 *(.fini8)
 *(.fini8)
 *(.fini7)
 *(.fini7)
 *(.fini6)
 *(.fini6)
 *(.fini5)
 *(.fini5)
 *(.fini4)
 *(.fini4)
 *(.fini3)
 *(.fini3)
 *(.fini2)
 *(.fini2)
 *(.fini1)
 *(.fini1)
 *(.fini0)
 .fini0         0x000017a8        0x4 c:/program files (x86)/atmel/studio/7.0/toolchain/avr8/avr8-gnu-toolchain/bin/../lib/gcc/avr/5.4.0/avr51\libgcc.a(_exit.o)
 *(.fini0)
                0x000017ac                _etext = .

.data           0x00800100       0x18 load address 0x000017ac
                0x00800100                PROVIDE (__data_start, .)
 *(.data)
 *(.data*)
 .data.f32_DutyCycleCmd
                0x00800100        0x4 controller.o
 .data.uart0_io
                0x00800104        0xe usart.o
                0x00800104                uart0_io
 .data.u8_watchdog
                0x00800112        0x2 main.o
 *(.rodata)
 *(.rodata*)
 .rodata.str1.1
                0x00800114        0x3 main.o
 *(.gnu.linkonce.d*)
                0x00800118                . = ALIGN (0x2)
 *fill*         0x00800117        0x1 
                0x00800118                _edata = .
                0x00800118                PROVIDE (__data_end, .)

.bss            0x00800118      0x289
                0x00800118                PROVIDE (__bss_start, .)
 *(.bss)
 *(.bss*)
 .bss.b_saturation
                0x00800118        0x1 controller.o
 .bss.f32_Integrator
                0x00800119        0x4 controller.o
 .bss.ComValues
                0x0080011d       0x11 main.o
                0x0080011d                ComValues
 .bss.u16_speed_count
                0x0080012e        0x2 main.o
 .bss.u8_rxBuffer
                0x00800130        0x3 main.o
 .bss.u8_txBuffer
                0x00800133        0x2 main.o
 .bss.u8_SPI_count
                0x00800135        0x1 main.o
 .bss.send_can  0x00800136        0x1 main.o
 .bss.u16_ADC4_reg
                0x00800137        0x2 main.o
 .bss.u16_ADC2_reg
                0x00800139        0x2 main.o
 .bss.u16_ADC1_reg
                0x0080013b        0x2 main.o
 .bss.u16_ADC0_reg
                0x0080013d        0x2 main.o
 .bss.reset     0x0080013f        0x1 UniversalModuleDrivers/can.o
 .bss.rx_on     0x00800140        0x1 UniversalModuleDrivers/can.o
 .bss.rx_off    0x00800141        0x1 UniversalModuleDrivers/can.o
 .bss.tx_busy   0x00800142        0x1 UniversalModuleDrivers/can.o
 .bss.tx_on     0x00800143        0x1 UniversalModuleDrivers/can.o
 .bss.tx_off    0x00800144        0x1 UniversalModuleDrivers/can.o
 .bss.rx_frames
                0x00800145       0xb0 UniversalModuleDrivers/can.o
 .bss.tx_frames
                0x008001f5       0xb0 UniversalModuleDrivers/can.o
 .bss.elapsed_microseconds
                0x008002a5       0x20 UniversalModuleDrivers/timer.o
 .bss.timer_enabled
                0x008002c5        0x8 UniversalModuleDrivers/timer.o
 *(COMMON)
 COMMON         0x008002cd       0x88 usart.o
                0x008002cd                rx0_buffer
                0x008002ed                rx1_Tail
                0x008002ee                tx0_Tail
                0x008002ef                rx0_Tail
                0x008002f0                tx1_buffer
                0x00800310                tx0_Head
                0x00800311                rx1_buffer
                0x00800331                rx0_Head
                0x00800332                tx1_Tail
                0x00800333                rx1_Head
                0x00800334                tx1_Head
                0x00800335                tx0_buffer
 COMMON         0x00800355       0x46 main.o
                0x00800355                Speed
                0x0080036d                rxFrame
                0x00800378                Current
                0x00800390                txFrame
 COMMON         0x0080039b        0x6 c:/program files (x86)/atmel/studio/7.0/toolchain/avr8/avr8-gnu-toolchain/bin/../lib/gcc/avr/5.4.0/../../../../avr/lib/avr51\libc.a(iob.o)
                0x0080039b                __iob
                0x008003a1                PROVIDE (__bss_end, .)
                0x000017ac                __data_load_start = LOADADDR (.data)
                0x000017c4                __data_load_end = (__data_load_start + SIZEOF (.data))

.noinit         0x008003a1        0x0
                [!provide]                PROVIDE (__noinit_start, .)
 *(.noinit*)
                [!provide]                PROVIDE (__noinit_end, .)
                0x008003a1                _end = .
                0x008003a1                PROVIDE (__heap_start, .)

.eeprom         0x00810000        0x0
 *(.eeprom*)
                0x00810000                __eeprom_end = .

.fuse
 *(.fuse)
 *(.lfuse)
 *(.hfuse)
 *(.efuse)

.lock
 *(.lock*)

.signature
 *(.signature*)

.user_signatures
 *(.user_signatures*)

.stab
 *(.stab)

.stabstr
 *(.stabstr)

.stab.excl
 *(.stab.excl)

.stab.exclstr
 *(.stab.exclstr)

.stab.index
 *(.stab.index)

.stab.indexstr
 *(.stab.indexstr)

.comment        0x00000000       0x30
 *(.comment)
 .comment       0x00000000       0x30 controller.o
                                 0x31 (size before relaxing)
 .comment       0x00000030       0x31 speed.o
 .comment       0x00000030       0x31 usart.o
 .comment       0x00000030       0x31 main.o
 .comment       0x00000030       0x31 pid.o
 .comment       0x00000030       0x31 sensors.o
 .comment       0x00000030       0x31 UniversalModuleDrivers/adc.o
 .comment       0x00000030       0x31 UniversalModuleDrivers/can.o
 .comment       0x00000030       0x31 pwm.o
 .comment       0x00000030       0x31 UniversalModuleDrivers/rgbled.o
 .comment       0x00000030       0x31 UniversalModuleDrivers/spi.o
 .comment       0x00000030       0x31 UniversalModuleDrivers/timer.o
 .comment       0x00000030       0x31 c:/program files (x86)/atmel/studio/7.0/toolchain/avr8/avr8-gnu-toolchain/bin/../lib/gcc/avr/5.4.0/../../../../avr/lib/avr51\libc.a(iob.o)

.note.gnu.avr.deviceinfo
                0x00000000       0x40
 .note.gnu.avr.deviceinfo
                0x00000000       0x40 C:/Program Files (x86)/Atmel/Studio/7.0/Packs/atmel/ATmega_DFP/1.1.130/gcc/dev/at90can128/avr51/crtat90can128.o

.note.gnu.build-id
 *(.note.gnu.build-id)

.debug
 *(.debug)

.line
 *(.line)

.debug_srcinfo
 *(.debug_srcinfo)

.debug_sfnames
 *(.debug_sfnames)

.debug_aranges  0x00000000      0x450
 *(.debug_aranges)
 .debug_aranges
                0x00000000       0x30 controller.o
 .debug_aranges
                0x00000030       0x28 speed.o
 .debug_aranges
                0x00000058      0x208 usart.o
 .debug_aranges
                0x00000260       0x58 main.o
 .debug_aranges
                0x000002b8       0x28 pid.o
 .debug_aranges
                0x000002e0       0x28 sensors.o
 .debug_aranges
                0x00000308       0x48 UniversalModuleDrivers/adc.o
 .debug_aranges
                0x00000350       0x38 UniversalModuleDrivers/can.o
 .debug_aranges
                0x00000388       0x20 pwm.o
 .debug_aranges
                0x000003a8       0x38 UniversalModuleDrivers/rgbled.o
 .debug_aranges
                0x000003e0       0x30 UniversalModuleDrivers/spi.o
 .debug_aranges
                0x00000410       0x40 UniversalModuleDrivers/timer.o

.debug_pubnames
 *(.debug_pubnames)

.debug_info     0x00000000     0x4a9e
 *(.debug_info .gnu.linkonce.wi.*)
 .debug_info    0x00000000      0xa2d C:/Program Files (x86)/Atmel/Studio/7.0/Packs/atmel/ATmega_DFP/1.1.130/gcc/dev/at90can128/avr51/crtat90can128.o
 .debug_info    0x00000a2d      0x19b controller.o
 .debug_info    0x00000bc8       0xf4 speed.o
 .debug_info    0x00000cbc     0x2004 usart.o
 .debug_info    0x00002cc0      0xd28 main.o
 .debug_info    0x000039e8      0x1fb pid.o
 .debug_info    0x00003be3      0x11e sensors.o
 .debug_info    0x00003d01      0x22b UniversalModuleDrivers/adc.o
 .debug_info    0x00003f2c      0x5b0 UniversalModuleDrivers/can.o
 .debug_info    0x000044dc       0x8e pwm.o
 .debug_info    0x0000456a      0x141 UniversalModuleDrivers/rgbled.o
 .debug_info    0x000046ab      0x213 UniversalModuleDrivers/spi.o
 .debug_info    0x000048be      0x1e0 UniversalModuleDrivers/timer.o

.debug_abbrev   0x00000000     0x1824
 *(.debug_abbrev)
 .debug_abbrev  0x00000000      0x9a0 C:/Program Files (x86)/Atmel/Studio/7.0/Packs/atmel/ATmega_DFP/1.1.130/gcc/dev/at90can128/avr51/crtat90can128.o
 .debug_abbrev  0x000009a0       0xe8 controller.o
 .debug_abbrev  0x00000a88       0x97 speed.o
 .debug_abbrev  0x00000b1f      0x31a usart.o
 .debug_abbrev  0x00000e39      0x2b8 main.o
 .debug_abbrev  0x000010f1       0xdd pid.o
 .debug_abbrev  0x000011ce       0x81 sensors.o
 .debug_abbrev  0x0000124f       0xc6 UniversalModuleDrivers/adc.o
 .debug_abbrev  0x00001315      0x1ea UniversalModuleDrivers/can.o
 .debug_abbrev  0x000014ff       0x51 pwm.o
 .debug_abbrev  0x00001550       0xc1 UniversalModuleDrivers/rgbled.o
 .debug_abbrev  0x00001611      0x105 UniversalModuleDrivers/spi.o
 .debug_abbrev  0x00001716      0x10e UniversalModuleDrivers/timer.o

.debug_line     0x00000000     0x23ea
 *(.debug_line .debug_line.* .debug_line_end)
 .debug_line    0x00000000      0x175 C:/Program Files (x86)/Atmel/Studio/7.0/Packs/atmel/ATmega_DFP/1.1.130/gcc/dev/at90can128/avr51/crtat90can128.o
 .debug_line    0x00000175      0x135 controller.o
 .debug_line    0x000002aa       0xe8 speed.o
 .debug_line    0x00000392      0xe2d usart.o
 .debug_line    0x000011bf      0x4ae main.o
 .debug_line    0x0000166d      0x107 pid.o
 .debug_line    0x00001774      0x102 sensors.o
 .debug_line    0x00001876      0x21c UniversalModuleDrivers/adc.o
 .debug_line    0x00001a92      0x3d1 UniversalModuleDrivers/can.o
 .debug_line    0x00001e63      0x103 pwm.o
 .debug_line    0x00001f66      0x10c UniversalModuleDrivers/rgbled.o
 .debug_line    0x00002072      0x230 UniversalModuleDrivers/spi.o
 .debug_line    0x000022a2      0x148 UniversalModuleDrivers/timer.o

.debug_frame    0x00000000      0xd3c
 *(.debug_frame)
 .debug_frame   0x00000000       0x7c controller.o
 .debug_frame   0x0000007c       0x74 speed.o
 .debug_frame   0x000000f0      0x6d0 usart.o
 .debug_frame   0x000007c0      0x194 main.o
 .debug_frame   0x00000954       0xcc pid.o
 .debug_frame   0x00000a20       0x6c sensors.o
 .debug_frame   0x00000a8c       0x74 UniversalModuleDrivers/adc.o
 .debug_frame   0x00000b00       0xcc UniversalModuleDrivers/can.o
 .debug_frame   0x00000bcc       0x24 pwm.o
 .debug_frame   0x00000bf0       0x54 UniversalModuleDrivers/rgbled.o
 .debug_frame   0x00000c44       0x50 UniversalModuleDrivers/spi.o
 .debug_frame   0x00000c94       0xa8 UniversalModuleDrivers/timer.o

.debug_str      0x00000000     0x1458
 *(.debug_str)
 .debug_str     0x00000000      0x39f C:/Program Files (x86)/Atmel/Studio/7.0/Packs/atmel/ATmega_DFP/1.1.130/gcc/dev/at90can128/avr51/crtat90can128.o
 .debug_str     0x0000039f      0x20e controller.o
                                0x24d (size before relaxing)
 .debug_str     0x000005ad       0x58 speed.o
                                0x1d8 (size before relaxing)
 .debug_str     0x00000605      0x58d usart.o
                                0x758 (size before relaxing)
 .debug_str     0x00000b92      0x3a5 main.o
                                0x651 (size before relaxing)
 .debug_str     0x00000f37       0x41 pid.o
                                0x209 (size before relaxing)
 .debug_str     0x00000f78       0x49 sensors.o
                                0x1f8 (size before relaxing)
 .debug_str     0x00000fc1      0x1c0 UniversalModuleDrivers/adc.o
                                0x35b (size before relaxing)
 .debug_str     0x00001181       0xe1 UniversalModuleDrivers/can.o
                                0x320 (size before relaxing)
 .debug_str     0x00001262       0x20 pwm.o
                                0x1a9 (size before relaxing)
 .debug_str     0x00001282       0x55 UniversalModuleDrivers/rgbled.o
                                0x20a (size before relaxing)
 .debug_str     0x000012d7       0xb7 UniversalModuleDrivers/spi.o
                                0x281 (size before relaxing)
 .debug_str     0x0000138e       0xca UniversalModuleDrivers/timer.o
                                0x262 (size before relaxing)

.debug_loc      0x00000000     0x3934
 *(.debug_loc)
 .debug_loc     0x00000000      0x13f controller.o
 .debug_loc     0x0000013f      0x157 speed.o
 .debug_loc     0x00000296     0x2443 usart.o
 .debug_loc     0x000026d9      0x402 main.o
 .debug_loc     0x00002adb      0x328 pid.o
 .debug_loc     0x00002e03      0x17e sensors.o
 .debug_loc     0x00002f81      0x14f UniversalModuleDrivers/adc.o
 .debug_loc     0x000030d0      0x4a7 UniversalModuleDrivers/can.o
 .debug_loc     0x00003577       0x63 UniversalModuleDrivers/rgbled.o
 .debug_loc     0x000035da      0x22d UniversalModuleDrivers/spi.o
 .debug_loc     0x00003807      0x12d UniversalModuleDrivers/timer.o

.debug_macinfo
 *(.debug_macinfo)

.debug_weaknames
 *(.debug_weaknames)

.debug_funcnames
 *(.debug_funcnames)

.debug_typenames
 *(.debug_typenames)

.debug_varnames
 *(.debug_varnames)

.debug_pubtypes
 *(.debug_pubtypes)

.debug_ranges   0x00000000      0x3a8
 *(.debug_ranges)
 .debug_ranges  0x00000000       0x20 controller.o
 .debug_ranges  0x00000020       0x18 speed.o
 .debug_ranges  0x00000038      0x1f8 usart.o
 .debug_ranges  0x00000230       0x60 main.o
 .debug_ranges  0x00000290       0x18 pid.o
 .debug_ranges  0x000002a8       0x18 sensors.o
 .debug_ranges  0x000002c0       0x38 UniversalModuleDrivers/adc.o
 .debug_ranges  0x000002f8       0x28 UniversalModuleDrivers/can.o
 .debug_ranges  0x00000320       0x10 pwm.o
 .debug_ranges  0x00000330       0x28 UniversalModuleDrivers/rgbled.o
 .debug_ranges  0x00000358       0x20 UniversalModuleDrivers/spi.o
 .debug_ranges  0x00000378       0x30 UniversalModuleDrivers/timer.o

.debug_macro
 *(.debug_macro)
OUTPUT(MotorController_2018.elf elf32-avr)
LOAD linker stubs
